../drivers/Src/stm32f407xx_spi_driver.c:15:7:SPI_PeriClockControl	16	static
../drivers/Src/stm32f407xx_spi_driver.c:37:8:SPI_Init	24	static
../drivers/Src/stm32f407xx_spi_driver.c:73:8:SPI_DeInit	16	static
../drivers/Src/stm32f407xx_spi_driver.c:83:11:SPI_GetFlagStatus	16	static
../drivers/Src/stm32f407xx_spi_driver.c:93:8:SPI_Send_Data	24	static
../drivers/Src/stm32f407xx_spi_driver.c:115:6:SPI_Receive_Data	24	static
../drivers/Src/stm32f407xx_spi_driver.c:133:9:SPI_Send_DataIT	32	static
../drivers/Src/stm32f407xx_spi_driver.c:148:9:SPI_Receive_DataIT	32	static
../drivers/Src/stm32f407xx_spi_driver.c:167:8:SPI_IRQConfig	16	static
../drivers/Src/stm32f407xx_spi_driver.c:195:8:SPI_IRQPriorityConfig	24	static
../drivers/Src/stm32f407xx_spi_driver.c:203:8:SPI_IRQHandling	24	static
../drivers/Src/stm32f407xx_spi_driver.c:235:15:spi_txe_interrupt_handle	16	static
../drivers/Src/stm32f407xx_spi_driver.c:259:15:spi_rxne_interrupt_handle	16	static
../drivers/Src/stm32f407xx_spi_driver.c:276:15:spi_ovr_err_interrupt_handle	24	static
../drivers/Src/stm32f407xx_spi_driver.c:290:8:SPI_CloseTransmission	16	static
../drivers/Src/stm32f407xx_spi_driver.c:296:8:SPI_CloseReception	16	static
../drivers/Src/stm32f407xx_spi_driver.c:302:8:SPI_ClearOVRFlag	24	static
../drivers/Src/stm32f407xx_spi_driver.c:310:8:SPI_Peripheralcontrol	16	static
../drivers/Src/stm32f407xx_spi_driver.c:322:8:SPI_SSIConfig	16	static
../drivers/Src/stm32f407xx_spi_driver.c:334:8:SPI_SSOEConfig	16	static
../drivers/Src/stm32f407xx_spi_driver.c:347:15:SPI_ApplicationEvent_Callback	16	static
