../Src/012i2c_master_rx_testing_IT.c:16:6:delay	16	static
../Src/012i2c_master_rx_testing_IT.c:29:6:I2C1_GpioInits	24	static
../Src/012i2c_master_rx_testing_IT.c:47:6:I2C1_Inits	8	static
../Src/012i2c_master_rx_testing_IT.c:60:7:GPIO_ButtonInit	24	static
../Src/012i2c_master_rx_testing_IT.c:70:5:main	24	static
../Src/012i2c_master_rx_testing_IT.c:121:6:I2C1_EV_IRQHandler	8	static
../Src/012i2c_master_rx_testing_IT.c:125:6:I2C1_ER_IRQHandler	8	static
../Src/012i2c_master_rx_testing_IT.c:129:6:I2C_ApplicationEvent_Callback	16	static
